version https://git-lfs.github.com/spec/v1
oid sha256:d32216fef1909b4cef1e4d4ad0de533482154bd62fb6f801505ad919fe332a76
size 2295903
