version https://git-lfs.github.com/spec/v1
oid sha256:979f124171f838aa93533de8772d50879bba35d7d114b87a2c5097a5492ab374
size 117282824
